Microchip MPLAB XC8 Compiler V1.44 ()

Linker command line:

-W-3 --edf=C:\Program Files\Microchip\xc8\v1.44\dat\en_msgs.txt -cs \
  -h+dist/default/production\test.X.production.sym \
  --cmf=dist/default/production\test.X.production.cmf -z -Q16F1829 \
  -oC:\Users\ENDUSE~1\AppData\Local\Temp\s3mk.2 \
  -Mdist/default/production/test.X.production.map -E1 -ver=XC8 --acfsm=1493 \
  -ASTACK=02038h-023efh -pstack=STACK -ACODE=00h-07FFhx4 \
  -ASTRCODE=00h-01FFFh -ASTRING=00h-0FFhx32 -ACONST=00h-0FFhx32 \
  -AENTRY=00h-0FFhx32 -ACOMMON=070h-07Fh -ABANK0=020h-06Fh \
  -ABANK1=0A0h-0EFh -ABANK2=0120h-016Fh -ABANK3=01A0h-01EFh \
  -ABANK4=0220h-026Fh -ABANK5=02A0h-02EFh -ABANK6=0320h-036Fh \
  -ABANK7=03A0h-03EFh -ABANK8=0420h-046Fh -ABANK9=04A0h-04EFh \
  -ABANK10=0520h-056Fh -ABANK11=05A0h-05EFh -ABANK12=0620h-064Fh \
  -ABIGRAM=02000h-023EFh \
  -ARAM=020h-06Fh,0A0h-0EFh,0120h-016Fh,01A0h-01EFh,0220h-026Fh,02A0h-02EFh,0320h-036Fh,03A0h-03EFh,0420h-046Fh,04A0h-04EFh,0520h-056Fh,05A0h-05EFh,0620h-064Fh \
  -AABS1=020h-07Fh,0A0h-0EFh,0120h-016Fh,01A0h-01EFh,0220h-026Fh,02A0h-02EFh,0320h-036Fh,03A0h-03EFh,0420h-046Fh,04A0h-04EFh,0520h-056Fh,05A0h-05EFh,0620h-064Fh \
  -ASFR0=00h-01Fh -ASFR1=080h-09Fh -ASFR2=0100h-011Fh -ASFR3=0180h-019Fh \
  -ASFR4=0200h-021Fh -ASFR5=0280h-029Fh -ASFR6=0300h-031Fh \
  -ASFR7=0380h-039Fh -ASFR8=0400h-041Fh -ASFR9=0480h-049Fh \
  -ASFR10=0500h-051Fh -ASFR11=0580h-059Fh -ASFR12=0600h-061Fh \
  -ASFR13=0680h-06EFh -ASFR14=0700h-076Fh -ASFR15=0780h-07EFh \
  -ASFR16=0800h-086Fh -ASFR17=0880h-08EFh -ASFR18=0900h-096Fh \
  -ASFR19=0980h-09EFh -ASFR20=0A00h-0A6Fh -ASFR21=0A80h-0AEFh \
  -ASFR22=0B00h-0B6Fh -ASFR23=0B80h-0BEFh -ASFR24=0C00h-0C6Fh \
  -ASFR25=0C80h-0CEFh -ASFR26=0D00h-0D6Fh -ASFR27=0D80h-0DEFh \
  -ASFR28=0E00h-0E6Fh -ASFR29=0E80h-0EEFh -ASFR30=0F00h-0F6Fh \
  -ASFR31=0F80h-0FEFh -preset_vec=00h,intentry=04h,init,end_init \
  -ppowerup=CODE -pcinit=CODE -pfunctab=ENTRY -ACONFIG=08007h-08008h \
  -pconfig=CONFIG -DCONFIG=2 -AIDLOC=08000h-08003h -pidloc=IDLOC -DIDLOC=2 \
  -AEEDATA=00h-0FFh/0F000h -peeprom_data=EEDATA -DEEDATA=2 -DCODE=2 \
  -DSTRCODE=2 -DSTRING=2 -DCONST=2 -DENTRY=2 -k \
  C:\Users\ENDUSE~1\AppData\Local\Temp\s3mk.obj \
  dist/default/production\test.X.production.obj 

Object code version is 3.11

Machine type is 16F1829



                Name                               Link     Load   Length Selector   Space Scale
C:\Users\ENDUSE~1\AppData\Local\Temp\s3mk.obj
                end_init                             32       32        2        8       0
                reset_vec                             0        0        2        0       0
                config                             8007     8007        2    1000E       0
dist/default/production\test.X.production.obj
                cinit                                34       34       19        8       0
                intentry                              4        4       2E        8       0
                swtext6                             679      679       14      CA2       0
                swtext5                             665      665       14      CA2       0
                text45                              540      540       B2        8       0
                swtext4                             69C      69C        8      D38       0
                swtext3                             600      600       34      C00       0
                text41                              296      296      182        8       0
                swtext2                             651      651       14      CA2       0
                text32                              418      418      128        8       0
                text31                              6AA      6AA        1      D48       0
                text29                              68D      68D        F      D1A       0
                swtext1                             5F2      5F2        8      BE4       0
                maintext                             4D       4D      249        8       0
                cstackBANK0                          3D       3D       11       20       1
                inittext                            6A4      6A4        6      D48       0
                dataBANK0                            20       20       1D       20       1
                bssBANK0                             4E       4E        A       20       1
                idataBANK0                          634      634       1D      C68       0

TOTAL           Name                               Link     Load   Length     Space
        CLASS   STACK          

        CLASS   CODE           
                end_init                             32       32        2         0
                cinit                                34       34       19         0
                intentry                              4        4       2E         0
                reset_vec                             0        0        2         0
                text45                              540      540       B2         0
                text41                              296      296      182         0
                text32                              418      418      128         0
                text31                              6AA      6AA        1         0
                text29                              68D      68D        F         0
                maintext                             4D       4D      249         0
                inittext                            6A4      6A4        6         0
                idataBANK0                          634      634       1D         0

        CLASS   STRCODE        

        CLASS   STRING         

        CLASS   CONST          
                swtext6                             679      679       14         0
                swtext5                             665      665       14         0
                swtext4                             69C      69C        8         0
                swtext3                             600      600       34         0
                swtext2                             651      651       14         0
                swtext1                             5F2      5F2        8         0

        CLASS   ENTRY          

        CLASS   COMMON         

        CLASS   BANK0          
                cstackBANK0                          3D       3D       11         1
                dataBANK0                            20       20       1D         1
                bssBANK0                             4E       4E        A         1

        CLASS   BANK1          

        CLASS   BANK2          

        CLASS   BANK3          

        CLASS   BANK4          

        CLASS   BANK5          

        CLASS   BANK6          

        CLASS   BANK7          

        CLASS   BANK8          

        CLASS   BANK9          

        CLASS   BANK10         

        CLASS   BANK11         

        CLASS   BANK12         

        CLASS   BIGRAM         

        CLASS   RAM            

        CLASS   ABS1           
                abs_s1                               7E       7E        2         1

        CLASS   SFR0           

        CLASS   SFR1           

        CLASS   SFR2           

        CLASS   SFR3           

        CLASS   SFR4           

        CLASS   SFR5           

        CLASS   SFR6           

        CLASS   SFR7           

        CLASS   SFR8           

        CLASS   SFR9           

        CLASS   SFR10          

        CLASS   SFR11          

        CLASS   SFR12          

        CLASS   SFR13          

        CLASS   SFR14          

        CLASS   SFR15          

        CLASS   SFR16          

        CLASS   SFR17          

        CLASS   SFR18          

        CLASS   SFR19          

        CLASS   SFR20          

        CLASS   SFR21          

        CLASS   SFR22          

        CLASS   SFR23          

        CLASS   SFR24          

        CLASS   SFR25          

        CLASS   SFR26          

        CLASS   SFR27          

        CLASS   SFR28          

        CLASS   SFR29          

        CLASS   SFR30          

        CLASS   SFR31          

        CLASS   CONFIG         
                config                             8007     8007        2         0

        CLASS   IDLOC          

        CLASS   EEDATA         

        CLASS   BANK31         

        CLASS   BANK30         

        CLASS   BANK29         

        CLASS   BANK28         

        CLASS   BANK27         

        CLASS   BANK26         

        CLASS   BANK25         

        CLASS   BANK24         

        CLASS   BANK23         

        CLASS   BANK22         

        CLASS   BANK21         

        CLASS   BANK20         

        CLASS   BANK19         

        CLASS   BANK18         

        CLASS   BANK17         

        CLASS   BANK16         

        CLASS   BANK15         

        CLASS   BANK14         

        CLASS   BANK13         



SEGMENTS        Name                           Load    Length   Top    Selector   Space  Class     Delta

                reset_vec                      000000  000002  000002         0       0  CODE        2
                intentry                       000004  0005EE  0005F2         8       0  CODE        2
                dataBANK0                      000020  000038  000058        20       1  BANK0       1
                swtext1                        0005F2  000008  0005FA       BE4       0  CONST       2
                swtext3                        000600  000034  000634       C00       0  CONST       2
                idataBANK0                     000634  00001D  000651       C68       0  CODE        2
                swtext2                        000651  00003C  00068D       CA2       0  CONST       2
                text29                         00068D  00000F  00069C       D1A       0  CODE        2
                swtext4                        00069C  000008  0006A4       D38       0  CONST       2
                inittext                       0006A4  000007  0006AB       D48       0  CODE        2
                config                         008007  000002  008009     1000E       0  CONFIG      2


UNUSED ADDRESS RANGES

        Name                Unused          Largest block    Delta
        BANK0            00058-0006F              18           1
        BANK1            000A0-000EF              50           1
        BANK10           00520-0056F              50           1
        BANK11           005A0-005EF              50           1
        BANK12           00620-0064F              30           1
        BANK2            00120-0016F              50           1
        BANK3            001A0-001EF              50           1
        BANK4            00220-0026F              50           1
        BANK5            002A0-002EF              50           1
        BANK6            00320-0036F              50           1
        BANK7            003A0-003EF              50           1
        BANK8            00420-0046F              50           1
        BANK9            004A0-004EF              50           1
        BIGRAM           02000-023EF             3F0           1
        CODE             00002-00003               2           2
                         005FA-005FF               6
                         006AB-01FFF             800
        COMMON           00070-0007D               E           1
        CONST            00002-00003               2           2
                         005FA-005FF               6
                         006AB-01FFF             100
        EEDATA           0F000-0F0FF             100           2
        ENTRY            00002-00003               2           2
                         005FA-005FF               6
                         006AB-01FFF             100
        IDLOC            08000-08003               4           2
        RAM              00058-0006F              18           1
                         000A0-000EF              50
                         00120-0016F              50
                         001A0-001EF              50
                         00220-0026F              50
                         002A0-002EF              50
                         00320-0036F              50
                         003A0-003EF              50
                         00420-0046F              50
                         004A0-004EF              50
                         00520-0056F              50
                         005A0-005EF              50
                         00620-0064F              30
        SFR0             00000-0001F              20           1
        SFR1             00080-0009F              20           1
        SFR10            00500-0051F              20           1
        SFR11            00580-0059F              20           1
        SFR12            00600-0061F              20           1
        SFR13            00680-006EF              70           1
        SFR14            00700-0076F              70           1
        SFR15            00780-007EF              70           1
        SFR16            00800-0086F              70           1
        SFR17            00880-008EF              70           1
        SFR18            00900-0096F              70           1
        SFR19            00980-009EF              70           1
        SFR2             00100-0011F              20           1
        SFR20            00A00-00A6F              70           1
        SFR21            00A80-00AEF              70           1
        SFR22            00B00-00B6F              70           1
        SFR23            00B80-00BEF              70           1
        SFR24            00C00-00C6F              70           1
        SFR25            00C80-00CEF              70           1
        SFR26            00D00-00D6F              70           1
        SFR27            00D80-00DEF              70           1
        SFR28            00E00-00E6F              70           1
        SFR29            00E80-00EEF              70           1
        SFR3             00180-0019F              20           1
        SFR30            00F00-00F6F              70           1
        SFR31            00F80-00FEF              70           1
        SFR4             00200-0021F              20           1
        SFR5             00280-0029F              20           1
        SFR6             00300-0031F              20           1
        SFR7             00380-0039F              20           1
        SFR8             00400-0041F              20           1
        SFR9             00480-0049F              20           1
        STACK            02038-023EF             3B8           1
        STRCODE          00002-00003               2           2
                         005FA-005FF               6
                         006AB-01FFF            1955
        STRING           00002-00003               2           2
                         005FA-005FF               6
                         006AB-01FFF             100

                                  Symbol Table

?_ADC_GetConversion                       cstackBANK0 00046
ADC_DisableChannel@Channel                cstackBANK0 0003D
ADC_EnableChannel@Channel                 cstackBANK0 0003D
ADC_GetConversion@channel                 cstackBANK0 00049
ADC_SelectChannel@channel                 cstackBANK0 00047
EPWM1_LoadDutyValue@dutyValue             cstackBANK0 0003E
EPWM2_LoadDutyValue@dutyValue             cstackBANK0 0003E
I2C1_ISR@i2c_data                         cstackBANK0 00042
I2C1_ReadBuffer@address                   cstackBANK0 00046
I2C1_StatusCallback@eepromAddress         bssBANK0    00052
I2C1_StatusCallback@i2c_bus_state         cstackBANK0 00040
I2C1_StatusCallback@slaveWriteType        bssBANK0    00051
I2C1_WriteBuffer@address                  cstackBANK0 00040
I2C1_WriteBuffer@data                     cstackBANK0 0003D
PWM3_LoadDutyValue@dutyValue              cstackBANK0 0003E
PWM4_LoadDutyValue@dutyValue              cstackBANK0 0003E
TMR6_SetInterruptHandler@InterruptHandler cstackBANK0 00046
Timer6Overflow@count                      bssBANK0    00050
_ADCON0                                   (abs)       0009D
_ADCON0bits                               (abs)       0009D
_ADCON1                                   (abs)       0009E
_ADCValid                                 bssBANK0    00057
_ADC_DisableChannel                       text41      003E3
_ADC_EnableChannel                        text41      003FC
_ADC_GetConversion                        maintext    0016B
_ADC_ISR                                  text45      00540
_ADC_Initialize                           maintext    00220
_ADC_SelectChannel                        maintext    0018F
_ADC_StartConversion                      maintext    001A2
_ADRESH                                   (abs)       0009C
_ADRESL                                   (abs)       0009B
_ANSELA                                   (abs)       0018C
_ANSELAbits                               (abs)       0018C
_ANSELB                                   (abs)       0018D
_ANSELC                                   (abs)       0018E
_APFCON0                                  (abs)       0011D
_APFCON1                                  (abs)       0011E
_CCP1CON                                  (abs)       00293
_CCP2AS                                   (abs)       0029C
_CCP2CON                                  (abs)       0029A
_CCP3CON                                  (abs)       00313
_CCP4CON                                  (abs)       0031A
_CCPR1H                                   (abs)       00292
_CCPR1L                                   (abs)       00291
_CCPR2H                                   (abs)       00299
_CCPR2L                                   (abs)       00298
_CCPR3H                                   (abs)       00312
_CCPR3L                                   (abs)       00311
_CCPR4H                                   (abs)       00319
_CCPR4L                                   (abs)       00318
_CCPTMRSbits                              (abs)       0029E
_CurrentChannel                           dataBANK0   0003C
_ECCP1AS                                  (abs)       00295
_EEPROM_Buffer                            dataBANK0   00020
_EPWM1_Initialize                         maintext    001A5
_EPWM1_LoadDutyValue                      text32      004B7
_EPWM1_PowerDown                          maintext    00146
_EPWM2_Initialize                         maintext    001B9
_EPWM2_LoadDutyValue                      text32      004D7
_EPWM2_PowerDown                          maintext    0014D
_GPIO1Enable                              bssBANK0    00055
_GPIO3Enable                              bssBANK0    00054
_GPIO4Enable                              bssBANK0    00053
_I2C1_ISR                                 text41      00296
_I2C1_Initialize                          maintext    0022D
_I2C1_ReadBuffer                          maintext    001CD
_I2C1_Shutdown                            maintext    00154
_I2C1_Startup                             maintext    001D8
_I2C1_StatusCallback                      text41      002C0
_I2C1_WriteBuffer                         text45      005CD
_I2C1_slaveWriteData                      dataBANK0   0003B
_INTCONbits                               (abs)       0000B
_INTERRUPT_InterruptManager               intentry    00004
_LATA                                     (abs)       0010C
_LATAbits                                 (abs)       0010C
_LATB                                     (abs)       0010D
_LATBbits                                 (abs)       0010D
_LATC                                     (abs)       0010E
_LATCbits                                 (abs)       0010E
_OPTION_REGbits                           (abs)       00095
_OSCCON                                   (abs)       00099
_OSCILLATOR_Initialize                    maintext    00242
_OSCTUNE                                  (abs)       00098
_PIE1bits                                 (abs)       00091
_PIE3bits                                 (abs)       00093
_PIN_MANAGER_Initialize                   maintext    0024B
_PIR1bits                                 (abs)       00011
_PIR3bits                                 (abs)       00013
_PLLR                                     (abs)       004D6
_PORTAbits                                (abs)       0000C
_PORTBbits                                (abs)       0000D
_PR2                                      (abs)       0001B
_PR6                                      (abs)       0041D
_PSTR1CON                                 (abs)       00296
_PSTR2CON                                 (abs)       0029D
_PWM1CON                                  (abs)       00294
_PWM2CON                                  (abs)       0029B
_PWM3_Initialize                          maintext    001DB
_PWM3_LoadDutyValue                       text32      004F7
_PWM3_PowerDown                           maintext    00157
_PWM4_Initialize                          maintext    001E7
_PWM4_LoadDutyValue                       text32      00517
_PWM4_PowerDown                           maintext    0015E
_SSP1ADD                                  (abs)       00212
_SSP1BUF                                  (abs)       00211
_SSP1CON1                                 (abs)       00215
_SSP1CON1bits                             (abs)       00215
_SSP1CON2                                 (abs)       00216
_SSP1CON2bits                             (abs)       00216
_SSP1CON3                                 (abs)       00217
_SSP1MSK                                  (abs)       00213
_SSP1STAT                                 (abs)       00214
_SSP1STATbits                             (abs)       00214
_SWDTEN                                   (abs)       004B8
_SYSTEM_Initialize                        maintext    00202
_T2CON                                    (abs)       0001C
_T2CONbits                                (abs)       0001C
_T6CON                                    (abs)       0041E
_T6CONbits                                (abs)       0041E
_TMR2                                     (abs)       0001A
_TMR2_Initialize                          maintext    0028B
_TMR2_StartTimer                          maintext    001F3
_TMR2_StopTimer                           maintext    00165
_TMR6                                     (abs)       0041C
_TMR6_CallBack                            text29      00690
_TMR6_DefaultInterruptHandler             text31      006AA
_TMR6_ISR                                 text29      0068D
_TMR6_Initialize                          maintext    00273
_TMR6_InterruptHandler                    bssBANK0    0004E
_TMR6_SetInterruptHandler                 maintext    001F6
_TMR6_StartTimer                          maintext    001FF
_TMR6_StopTimer                           maintext    00168
_TRISA                                    (abs)       0008C
_TRISAbits                                (abs)       0008C
_TRISB                                    (abs)       0008D
_TRISBbits                                (abs)       0008D
_TRISC                                    (abs)       0008E
_TRISCbits                                (abs)       0008E
_Timer6Overflow                           text32      00418
_WDTCON                                   (abs)       00097
_WDT_Initialize                           maintext    00287
_WPUA                                     (abs)       0020C
_WPUAbits                                 (abs)       0020C
_WPUB                                     (abs)       0020D
_WPUBbits                                 (abs)       0020D
_WPUC                                     (abs)       0020E
__CFG_BOREN$ON                            (abs)       00000
__CFG_BORV$LO                             (abs)       00000
__CFG_CLKOUTEN$OFF                        (abs)       00000
__CFG_CP$OFF                              (abs)       00000
__CFG_CPD$OFF                             (abs)       00000
__CFG_FCMEN$ON                            (abs)       00000
__CFG_FOSC$INTOSC                         (abs)       00000
__CFG_IESO$ON                             (abs)       00000
__CFG_LVP$OFF                             (abs)       00000
__CFG_MCLRE$ON                            (abs)       00000
__CFG_PLLEN$ON                            (abs)       00000
__CFG_PWRTE$OFF                           (abs)       00000
__CFG_STVREN$ON                           (abs)       00000
__CFG_WDTE$SWDTEN                         (abs)       00000
__CFG_WRT$OFF                             (abs)       00000
__Habs1                                   abs1        00000
__Hbank0                                  bank0       00000
__Hbank1                                  bank1       00000
__Hbank10                                 bank10      00000
__Hbank11                                 bank11      00000
__Hbank12                                 bank12      00000
__Hbank13                                 bank13      00000
__Hbank14                                 bank14      00000
__Hbank15                                 bank15      00000
__Hbank16                                 bank16      00000
__Hbank17                                 bank17      00000
__Hbank18                                 bank18      00000
__Hbank19                                 bank19      00000
__Hbank2                                  bank2       00000
__Hbank20                                 bank20      00000
__Hbank21                                 bank21      00000
__Hbank22                                 bank22      00000
__Hbank23                                 bank23      00000
__Hbank24                                 bank24      00000
__Hbank25                                 bank25      00000
__Hbank26                                 bank26      00000
__Hbank27                                 bank27      00000
__Hbank28                                 bank28      00000
__Hbank29                                 bank29      00000
__Hbank3                                  bank3       00000
__Hbank30                                 bank30      00000
__Hbank31                                 bank31      00000
__Hbank4                                  bank4       00000
__Hbank5                                  bank5       00000
__Hbank6                                  bank6       00000
__Hbank7                                  bank7       00000
__Hbank8                                  bank8       00000
__Hbank9                                  bank9       00000
__Hbigram                                 bigram      00000
__HbssBANK0                               bssBANK0    00000
__Hcinit                                  cinit       0004D
__Hclrtext                                clrtext     00000
__Hcode                                   code        00000
__Hcommon                                 common      00000
__Hconfig                                 config      08009
__HcstackBANK0                            cstackBANK0 00000
__HdataBANK0                              dataBANK0   00000
__Heeprom_data                            eeprom_data 00000
__Hend_init                               end_init    00034
__Hfunctab                                functab     00000
__HidataBANK0                             idataBANK0  00000
__Hidloc                                  idloc       00000
__Hinit                                   init        00032
__Hinittext                               inittext    00000
__Hintentry                               intentry    00032
__Hmaintext                               maintext    00000
__Hpowerup                                powerup     00000
__Hram                                    ram         00000
__Hreset_vec                              reset_vec   00002
__Hsfr0                                   sfr0        00000
__Hsfr1                                   sfr1        00000
__Hsfr10                                  sfr10       00000
__Hsfr11                                  sfr11       00000
__Hsfr12                                  sfr12       00000
__Hsfr13                                  sfr13       00000
__Hsfr14                                  sfr14       00000
__Hsfr15                                  sfr15       00000
__Hsfr16                                  sfr16       00000
__Hsfr17                                  sfr17       00000
__Hsfr18                                  sfr18       00000
__Hsfr19                                  sfr19       00000
__Hsfr2                                   sfr2        00000
__Hsfr20                                  sfr20       00000
__Hsfr21                                  sfr21       00000
__Hsfr22                                  sfr22       00000
__Hsfr23                                  sfr23       00000
__Hsfr24                                  sfr24       00000
__Hsfr25                                  sfr25       00000
__Hsfr26                                  sfr26       00000
__Hsfr27                                  sfr27       00000
__Hsfr28                                  sfr28       00000
__Hsfr29                                  sfr29       00000
__Hsfr3                                   sfr3        00000
__Hsfr30                                  sfr30       00000
__Hsfr31                                  sfr31       00000
__Hsfr4                                   sfr4        00000
__Hsfr5                                   sfr5        00000
__Hsfr6                                   sfr6        00000
__Hsfr7                                   sfr7        00000
__Hsfr8                                   sfr8        00000
__Hsfr9                                   sfr9        00000
__Hspace_0                                (abs)       08009
__Hspace_1                                (abs)       00058
__Hspace_2                                (abs)       00000
__Hspace_3                                (abs)       00000
__Hstack                                  stack       00000
__Hstrings                                strings     00000
__Htext                                   text        00000
__Labs1                                   abs1        00000
__Lbank0                                  bank0       00000
__Lbank1                                  bank1       00000
__Lbank10                                 bank10      00000
__Lbank11                                 bank11      00000
__Lbank12                                 bank12      00000
__Lbank13                                 bank13      00000
__Lbank14                                 bank14      00000
__Lbank15                                 bank15      00000
__Lbank16                                 bank16      00000
__Lbank17                                 bank17      00000
__Lbank18                                 bank18      00000
__Lbank19                                 bank19      00000
__Lbank2                                  bank2       00000
__Lbank20                                 bank20      00000
__Lbank21                                 bank21      00000
__Lbank22                                 bank22      00000
__Lbank23                                 bank23      00000
__Lbank24                                 bank24      00000
__Lbank25                                 bank25      00000
__Lbank26                                 bank26      00000
__Lbank27                                 bank27      00000
__Lbank28                                 bank28      00000
__Lbank29                                 bank29      00000
__Lbank3                                  bank3       00000
__Lbank30                                 bank30      00000
__Lbank31                                 bank31      00000
__Lbank4                                  bank4       00000
__Lbank5                                  bank5       00000
__Lbank6                                  bank6       00000
__Lbank7                                  bank7       00000
__Lbank8                                  bank8       00000
__Lbank9                                  bank9       00000
__Lbigram                                 bigram      00000
__LbssBANK0                               bssBANK0    00000
__Lcinit                                  cinit       00034
__Lclrtext                                clrtext     00000
__Lcode                                   code        00000
__Lcommon                                 common      00000
__Lconfig                                 config      08007
__LcstackBANK0                            cstackBANK0 00000
__LdataBANK0                              dataBANK0   00000
__Leeprom_data                            eeprom_data 00000
__Lend_init                               end_init    00032
__Lfunctab                                functab     00000
__LidataBANK0                             idataBANK0  00000
__Lidloc                                  idloc       00000
__Linit                                   init        00032
__Linittext                               inittext    00000
__Lintentry                               intentry    00004
__Lmaintext                               maintext    00000
__Lpowerup                                powerup     00000
__Lram                                    ram         00000
__Lreset_vec                              reset_vec   00000
__Lsfr0                                   sfr0        00000
__Lsfr1                                   sfr1        00000
__Lsfr10                                  sfr10       00000
__Lsfr11                                  sfr11       00000
__Lsfr12                                  sfr12       00000
__Lsfr13                                  sfr13       00000
__Lsfr14                                  sfr14       00000
__Lsfr15                                  sfr15       00000
__Lsfr16                                  sfr16       00000
__Lsfr17                                  sfr17       00000
__Lsfr18                                  sfr18       00000
__Lsfr19                                  sfr19       00000
__Lsfr2                                   sfr2        00000
__Lsfr20                                  sfr20       00000
__Lsfr21                                  sfr21       00000
__Lsfr22                                  sfr22       00000
__Lsfr23                                  sfr23       00000
__Lsfr24                                  sfr24       00000
__Lsfr25                                  sfr25       00000
__Lsfr26                                  sfr26       00000
__Lsfr27                                  sfr27       00000
__Lsfr28                                  sfr28       00000
__Lsfr29                                  sfr29       00000
__Lsfr3                                   sfr3        00000
__Lsfr30                                  sfr30       00000
__Lsfr31                                  sfr31       00000
__Lsfr4                                   sfr4        00000
__Lsfr5                                   sfr5        00000
__Lsfr6                                   sfr6        00000
__Lsfr7                                   sfr7        00000
__Lsfr8                                   sfr8        00000
__Lsfr9                                   sfr9        00000
__Lspace_0                                (abs)       00000
__Lspace_1                                (abs)       00000
__Lspace_2                                (abs)       00000
__Lspace_3                                (abs)       00000
__Lstack                                  stack       00000
__Lstrings                                strings     00000
__Ltext                                   text        00000
__S0                                      (abs)       08009
__S1                                      (abs)       00058
__S2                                      (abs)       00000
__S3                                      (abs)       00000
___int_sp                                 stack       00000
___latbits                                (abs)       00002
___sp                                     stack       00000
__end_of_ADC_DisableChannel               text41      003FC
__end_of_ADC_EnableChannel                text41      00418
__end_of_ADC_GetConversion                maintext    0018F
__end_of_ADC_ISR                          text45      005CD
__end_of_ADC_Initialize                   maintext    0022D
__end_of_ADC_SelectChannel                maintext    001A2
__end_of_ADC_StartConversion              maintext    001A5
__end_of_EPWM1_Initialize                 maintext    001B9
__end_of_EPWM1_LoadDutyValue              text32      004D7
__end_of_EPWM1_PowerDown                  maintext    0014D
__end_of_EPWM2_Initialize                 maintext    001CD
__end_of_EPWM2_LoadDutyValue              text32      004F7
__end_of_EPWM2_PowerDown                  maintext    00154
__end_of_I2C1_ISR                         text41      002C0
__end_of_I2C1_Initialize                  maintext    00242
__end_of_I2C1_ReadBuffer                  maintext    001D8
__end_of_I2C1_Shutdown                    maintext    00157
__end_of_I2C1_Startup                     maintext    001DB
__end_of_I2C1_StatusCallback              text41      003E3
__end_of_I2C1_WriteBuffer                 text45      005DF
__end_of_INTERRUPT_InterruptManager       intentry    00032
__end_of_OSCILLATOR_Initialize            maintext    0024B
__end_of_PIN_MANAGER_Initialize           maintext    00273
__end_of_PWM3_Initialize                  maintext    001E7
__end_of_PWM3_LoadDutyValue               text32      00517
__end_of_PWM3_PowerDown                   maintext    0015E
__end_of_PWM4_Initialize                  maintext    001F3
__end_of_PWM4_LoadDutyValue               text32      00537
__end_of_PWM4_PowerDown                   maintext    00165
__end_of_SYSTEM_Initialize                maintext    00220
__end_of_TMR2_Initialize                  maintext    00296
__end_of_TMR2_StartTimer                  maintext    001F6
__end_of_TMR2_StopTimer                   maintext    00168
__end_of_TMR6_CallBack                    text29      0069C
__end_of_TMR6_DefaultInterruptHandler     text31      006AB
__end_of_TMR6_ISR                         text29      00690
__end_of_TMR6_Initialize                  maintext    00287
__end_of_TMR6_SetInterruptHandler         maintext    001FF
__end_of_TMR6_StartTimer                  maintext    00202
__end_of_TMR6_StopTimer                   maintext    0016B
__end_of_Timer6Overflow                   text32      004AC
__end_of_WDT_Initialize                   maintext    0028B
__end_of__initialization                  cinit       00049
__end_of_main                             maintext    00146
__end_ofi1_ADC_SelectChannel              text45      005F2
__end_ofi1_ADC_StartConversion            text32      00540
__end_ofi1_I2C1_ReadBuffer                text32      004B7
__end_ofi1_TMR2_StartTimer                text32      0053A
__end_ofi1_TMR2_StopTimer                 text32      0053D
__initialization                          cinit       00034
__pbssBANK0                               bssBANK0    0004E
__pcstackBANK0                            cstackBANK0 0003D
__pdataBANK0                              dataBANK0   00020
__pidataBANK0                             idataBANK0  00634
__pintentry                               intentry    00004
__pmaintext                               maintext    0004D
__pswtext1                                swtext1     005F2
__pswtext2                                swtext2     00651
__pswtext3                                swtext3     00600
__pswtext4                                swtext4     0069C
__pswtext5                                swtext5     00665
__pswtext6                                swtext6     00679
__ptext1                                  maintext    00168
__ptext10                                 maintext    0024B
__ptext11                                 maintext    00242
__ptext12                                 maintext    0022D
__ptext13                                 maintext    00220
__ptext14                                 maintext    0015E
__ptext15                                 maintext    001E7
__ptext16                                 maintext    00157
__ptext17                                 maintext    001DB
__ptext18                                 maintext    001D8
__ptext19                                 maintext    00154
__ptext2                                  maintext    00165
__ptext20                                 maintext    001CD
__ptext21                                 maintext    0014D
__ptext22                                 maintext    001B9
__ptext23                                 maintext    00146
__ptext24                                 maintext    001A5
__ptext25                                 maintext    001A2
__ptext26                                 maintext    0018F
__ptext27                                 maintext    0016B
__ptext29                                 text29      0068D
__ptext3                                  maintext    00202
__ptext30                                 text29      00690
__ptext31                                 text31      006AA
__ptext32                                 text32      00418
__ptext33                                 text32      0053A
__ptext34                                 text32      00537
__ptext35                                 text32      004AC
__ptext36                                 text32      0053D
__ptext37                                 text32      00517
__ptext38                                 text32      004F7
__ptext39                                 text32      004D7
__ptext4                                  maintext    00287
__ptext40                                 text32      004B7
__ptext41                                 text41      00296
__ptext42                                 text41      002C0
__ptext43                                 text41      003FC
__ptext44                                 text41      003E3
__ptext45                                 text45      00540
__ptext46                                 text45      005DF
__ptext47                                 text45      005CD
__ptext5                                  maintext    00273
__ptext6                                  maintext    001FF
__ptext7                                  maintext    001F6
__ptext8                                  maintext    0028B
__ptext9                                  maintext    001F3
__size_of_ADC_DisableChannel              (abs)       00000
__size_of_ADC_EnableChannel               (abs)       00000
__size_of_ADC_GetConversion               (abs)       00000
__size_of_ADC_ISR                         (abs)       00000
__size_of_ADC_Initialize                  (abs)       00000
__size_of_ADC_SelectChannel               (abs)       00000
__size_of_ADC_StartConversion             (abs)       00000
__size_of_EPWM1_Initialize                (abs)       00000
__size_of_EPWM1_LoadDutyValue             (abs)       00000
__size_of_EPWM1_PowerDown                 (abs)       00000
__size_of_EPWM2_Initialize                (abs)       00000
__size_of_EPWM2_LoadDutyValue             (abs)       00000
__size_of_EPWM2_PowerDown                 (abs)       00000
__size_of_I2C1_ISR                        (abs)       00000
__size_of_I2C1_Initialize                 (abs)       00000
__size_of_I2C1_ReadBuffer                 (abs)       00000
__size_of_I2C1_Shutdown                   (abs)       00000
__size_of_I2C1_Startup                    (abs)       00000
__size_of_I2C1_StatusCallback             (abs)       00000
__size_of_I2C1_WriteBuffer                (abs)       00000
__size_of_INTERRUPT_InterruptManager      (abs)       00000
__size_of_OSCILLATOR_Initialize           (abs)       00000
__size_of_PIN_MANAGER_Initialize          (abs)       00000
__size_of_PWM3_Initialize                 (abs)       00000
__size_of_PWM3_LoadDutyValue              (abs)       00000
__size_of_PWM3_PowerDown                  (abs)       00000
__size_of_PWM4_Initialize                 (abs)       00000
__size_of_PWM4_LoadDutyValue              (abs)       00000
__size_of_PWM4_PowerDown                  (abs)       00000
__size_of_SYSTEM_Initialize               (abs)       00000
__size_of_TMR2_Initialize                 (abs)       00000
__size_of_TMR2_StartTimer                 (abs)       00000
__size_of_TMR2_StopTimer                  (abs)       00000
__size_of_TMR6_CallBack                   (abs)       00000
__size_of_TMR6_DefaultInterruptHandler    (abs)       00000
__size_of_TMR6_ISR                        (abs)       00000
__size_of_TMR6_Initialize                 (abs)       00000
__size_of_TMR6_SetInterruptHandler        (abs)       00000
__size_of_TMR6_StartTimer                 (abs)       00000
__size_of_TMR6_StopTimer                  (abs)       00000
__size_of_Timer6Overflow                  (abs)       00000
__size_of_WDT_Initialize                  (abs)       00000
__size_of_main                            (abs)       00000
__size_ofi1_ADC_SelectChannel             (abs)       00000
__size_ofi1_ADC_StartConversion           (abs)       00000
__size_ofi1_I2C1_ReadBuffer               (abs)       00000
__size_ofi1_TMR2_StartTimer               (abs)       00000
__size_ofi1_TMR2_StopTimer                (abs)       00000
_main                                     maintext    0004D
_pwm_lock                                 bssBANK0    00056
btemp                                     (abs)       0007E
end_of_initialization                     cinit       00049
i1ADC_SelectChannel@channel               cstackBANK0 0003E
i1I2C1_ReadBuffer@address                 cstackBANK0 0003D
i1_ADC_SelectChannel                      text45      005DF
i1_ADC_StartConversion                    text32      0053D
i1_I2C1_ReadBuffer                        text32      004AC
i1_TMR2_StartTimer                        text32      00537
i1_TMR2_StopTimer                         text32      0053A
init_ram                                  inittext    006A4
int$flags                                 (abs)       0007E
intlevel0                                 functab     00000
intlevel1                                 functab     00000
intlevel2                                 functab     00000
intlevel3                                 functab     00000
intlevel4                                 functab     00000
intlevel5                                 functab     00000
main@System_State                         cstackBANK0 0004D
main@i                                    cstackBANK0 0004B
reset_vec                                 reset_vec   00000
stackhi                                   (abs)       023EF
stacklo                                   (abs)       02038
start                                     init        00032
start_initialization                      cinit       00034
wtemp0                                    (abs)       0007E


FUNCTION INFORMATION:

 *************** function _main *****************
 Defined at:
		line 89 in file "main.c"
 Parameters:    Size  Location     Type
		None
 Auto vars:     Size  Location     Type
  i               2   14[BANK0 ] int 
  System_State    1   16[BANK0 ] enum E3133
 Return value:  Size  Location     Type
                  1    wreg      void 
 Registers used:
		wreg, fsr0l, fsr0h, fsr1l, fsr1h, status,2, status,0, pclath, cstack
 Tracked objects:
		On entry : 
		On exit  : 
		Unchanged: 
 Data sizes:     COMMON   BANK0   BANK1   BANK2   BANK3   BANK4   BANK5   BANK6   BANK7   BANK8   BANK9  BANK10  BANK11  BANK12
      Params:         0       0       0       0       0       0       0       0       0       0       0       0       0       0
      Locals:         0       3       0       0       0       0       0       0       0       0       0       0       0       0
      Temps:          0       1       0       0       0       0       0       0       0       0       0       0       0       0
      Totals:         0       4       0       0       0       0       0       0       0       0       0       0       0       0
Total ram usage:        4 bytes
 Hardware stack levels required when called:    8
 This function calls:
		_ADC_GetConversion
		_ADC_SelectChannel
		_ADC_StartConversion
		_EPWM1_Initialize
		_EPWM1_PowerDown
		_EPWM2_Initialize
		_EPWM2_PowerDown
		_I2C1_ReadBuffer
		_I2C1_Shutdown
		_I2C1_Startup
		_PWM3_Initialize
		_PWM3_PowerDown
		_PWM4_Initialize
		_PWM4_PowerDown
		_SYSTEM_Initialize
		_TMR2_StartTimer
		_TMR2_StopTimer
		_TMR6_SetInterruptHandler
		_TMR6_StartTimer
		_TMR6_StopTimer
 This function is called by:
		Startup code after reset
 This function uses a non-reentrant model


 *************** function _TMR6_StopTimer *****************
 Defined at:
		line 96 in file "mcc_generated_files/tmr6.c"
 Parameters:    Size  Location     Type
		None
 Auto vars:     Size  Location     Type
		None
 Return value:  Size  Location     Type
                  1    wreg      void 
 Registers used:
		None
 Tracked objects:
		On entry : 
		On exit  : 
		Unchanged: 
 Data sizes:     COMMON   BANK0   BANK1   BANK2   BANK3   BANK4   BANK5   BANK6   BANK7   BANK8   BANK9  BANK10  BANK11  BANK12
      Params:         0       0       0       0       0       0       0       0       0       0       0       0       0       0
      Locals:         0       0       0       0       0       0       0       0       0       0       0       0       0       0
      Temps:          0       0       0       0       0       0       0       0       0       0       0       0       0       0
      Totals:         0       0       0       0       0       0       0       0       0       0       0       0       0       0
Total ram usage:        0 bytes
 Hardware stack levels used:    1
 Hardware stack levels required when called:    5
 This function calls:
		Nothing
 This function is called by:
		_main
 This function uses a non-reentrant model


 *************** function _TMR2_StopTimer *****************
 Defined at:
		line 87 in file "mcc_generated_files/tmr2.c"
 Parameters:    Size  Location     Type
		None
 Auto vars:     Size  Location     Type
		None
 Return value:  Size  Location     Type
                  1    wreg      void 
 Registers used:
		None
 Tracked objects:
		On entry : 
		On exit  : 
		Unchanged: 
 Data sizes:     COMMON   BANK0   BANK1   BANK2   BANK3   BANK4   BANK5   BANK6   BANK7   BANK8   BANK9  BANK10  BANK11  BANK12
      Params:         0       0       0       0       0       0       0       0       0       0       0       0       0       0
      Locals:         0       0       0       0       0       0       0       0       0       0       0       0       0       0
      Temps:          0       0       0       0       0       0       0       0       0       0       0       0       0       0
      Totals:         0       0       0       0       0       0       0       0       0       0       0       0       0       0
Total ram usage:        0 bytes
 Hardware stack levels used:    1
 Hardware stack levels required when called:    5
 This function calls:
		Nothing
 This function is called by:
		_main
 This function uses a non-reentrant model


 *************** function _SYSTEM_Initialize *****************
 Defined at:
		line 69 in file "mcc_generated_files/mcc.c"
 Parameters:    Size  Location     Type
		None
 Auto vars:     Size  Location     Type
		None
 Return value:  Size  Location     Type
                  1    wreg      void 
 Registers used:
		wreg, status,2, status,0, pclath, cstack
 Tracked objects:
		On entry : 
		On exit  : 
		Unchanged: 
 Data sizes:     COMMON   BANK0   BANK1   BANK2   BANK3   BANK4   BANK5   BANK6   BANK7   BANK8   BANK9  BANK10  BANK11  BANK12
      Params:         0       0       0       0       0       0       0       0       0       0       0       0       0       0
      Locals:         0       0       0       0       0       0       0       0       0       0       0       0       0       0
      Temps:          0       0       0       0       0       0       0       0       0       0       0       0       0       0
      Totals:         0       0       0       0       0       0       0       0       0       0       0       0       0       0
Total ram usage:        0 bytes
 Hardware stack levels used:    1
 Hardware stack levels required when called:    7
 This function calls:
		_ADC_Initialize
		_I2C1_Initialize
		_OSCILLATOR_Initialize
		_PIN_MANAGER_Initialize
		_TMR2_Initialize
		_TMR6_Initialize
		_WDT_Initialize
 This function is called by:
		_main
 This function uses a non-reentrant model


 *************** function _WDT_Initialize *****************
 Defined at:
		line 110 in file "mcc_generated_files/mcc.c"
 Parameters:    Size  Location     Type
		None
 Auto vars:     Size  Location     Type
		None
 Return value:  Size  Location     Type
                  1    wreg      void 
 Registers used:
		wreg
 Tracked objects:
		On entry : 
		On exit  : 
		Unchanged: 
 Data sizes:     COMMON   BANK0   BANK1   BANK2   BANK3   BANK4   BANK5   BANK6   BANK7   BANK8   BANK9  BANK10  BANK11  BANK12
      Params:         0       0       0       0       0       0       0       0       0       0       0       0       0       0
      Locals:         0       0       0       0       0       0       0       0       0       0       0       0       0       0
      Temps:          0       0       0       0       0       0       0       0       0       0       0       0       0       0
      Totals:         0       0       0       0       0       0       0       0       0       0       0       0       0       0
Total ram usage:        0 bytes
 Hardware stack levels used:    1
 Hardware stack levels required when called:    5
 This function calls:
		Nothing
 This function is called by:
		_SYSTEM_Initialize
 This function uses a non-reentrant model


 *************** function _TMR6_Initialize *****************
 Defined at:
		line 64 in file "mcc_generated_files/tmr6.c"
 Parameters:    Size  Location     Type
		None
 Auto vars:     Size  Location     Type
		None
 Return value:  Size  Location     Type
                  1    wreg      void 
 Registers used:
		wreg, status,2, status,0, pclath, cstack
 Tracked objects:
		On entry : 
		On exit  : 
		Unchanged: 
 Data sizes:     COMMON   BANK0   BANK1   BANK2   BANK3   BANK4   BANK5   BANK6   BANK7   BANK8   BANK9  BANK10  BANK11  BANK12
      Params:         0       0       0       0       0       0       0       0       0       0       0       0       0       0
      Locals:         0       0       0       0       0       0       0       0       0       0       0       0       0       0
      Temps:          0       0       0       0       0       0       0       0       0       0       0       0       0       0
      Totals:         0       0       0       0       0       0       0       0       0       0       0       0       0       0
Total ram usage:        0 bytes
 Hardware stack levels used:    1
 Hardware stack levels required when called:    6
 This function calls:
		_TMR6_SetInterruptHandler
		_TMR6_StartTimer
 This function is called by:
		_SYSTEM_Initialize
 This function uses a non-reentrant model


 *************** function _TMR6_StartTimer *****************
 Defined at:
		line 90 in file "mcc_generated_files/tmr6.c"
 Parameters:    Size  Location     Type
		None
 Auto vars:     Size  Location     Type
		None
 Return value:  Size  Location     Type
                  1    wreg      void 
 Registers used:
		None
 Tracked objects:
		On entry : 
		On exit  : 
		Unchanged: 
 Data sizes:     COMMON   BANK0   BANK1   BANK2   BANK3   BANK4   BANK5   BANK6   BANK7   BANK8   BANK9  BANK10  BANK11  BANK12
      Params:         0       0       0       0       0       0       0       0       0       0       0       0       0       0
      Locals:         0       0       0       0       0       0       0       0       0       0       0       0       0       0
      Temps:          0       0       0       0       0       0       0       0       0       0       0       0       0       0
      Totals:         0       0       0       0       0       0       0       0       0       0       0       0       0       0
Total ram usage:        0 bytes
 Hardware stack levels used:    1
 Hardware stack levels required when called:    5
 This function calls:
		Nothing
 This function is called by:
		_TMR6_Initialize
		_main
 This function uses a non-reentrant model


 *************** function _TMR6_SetInterruptHandler *****************
 Defined at:
		line 148 in file "mcc_generated_files/tmr6.c"
 Parameters:    Size  Location     Type
  InterruptHan    2    9[BANK0 ] PTR FTN()void 
		 -> Timer6Overflow(1), TMR6_DefaultInterruptHandler(1), 
 Auto vars:     Size  Location     Type
		None
 Return value:  Size  Location     Type
                  1    wreg      void 
 Registers used:
		wreg
 Tracked objects:
		On entry : 
		On exit  : 
		Unchanged: 
 Data sizes:     COMMON   BANK0   BANK1   BANK2   BANK3   BANK4   BANK5   BANK6   BANK7   BANK8   BANK9  BANK10  BANK11  BANK12
      Params:         0       2       0       0       0       0       0       0       0       0       0       0       0       0
      Locals:         0       0       0       0       0       0       0       0       0       0       0       0       0       0
      Temps:          0       0       0       0       0       0       0       0       0       0       0       0       0       0
      Totals:         0       2       0       0       0       0       0       0       0       0       0       0       0       0
Total ram usage:        2 bytes
 Hardware stack levels used:    1
 Hardware stack levels required when called:    5
 This function calls:
		Nothing
 This function is called by:
		_TMR6_Initialize
		_main
 This function uses a non-reentrant model


 *************** function _TMR2_Initialize *****************
 Defined at:
		line 61 in file "mcc_generated_files/tmr2.c"
 Parameters:    Size  Location     Type
		None
 Auto vars:     Size  Location     Type
		None
 Return value:  Size  Location     Type
                  1    wreg      void 
 Registers used:
		wreg, status,2, status,0, pclath, cstack
 Tracked objects:
		On entry : 
		On exit  : 
		Unchanged: 
 Data sizes:     COMMON   BANK0   BANK1   BANK2   BANK3   BANK4   BANK5   BANK6   BANK7   BANK8   BANK9  BANK10  BANK11  BANK12
      Params:         0       0       0       0       0       0       0       0       0       0       0       0       0       0
      Locals:         0       0       0       0       0       0       0       0       0       0       0       0       0       0
      Temps:          0       0       0       0       0       0       0       0       0       0       0       0       0       0
      Totals:         0       0       0       0       0       0       0       0       0       0       0       0       0       0
Total ram usage:        0 bytes
 Hardware stack levels used:    1
 Hardware stack levels required when called:    6
 This function calls:
		_TMR2_StartTimer
 This function is called by:
		_SYSTEM_Initialize
 This function uses a non-reentrant model


 *************** function _TMR2_StartTimer *****************
 Defined at:
		line 81 in file "mcc_generated_files/tmr2.c"
 Parameters:    Size  Location     Type
		None
 Auto vars:     Size  Location     Type
		None
 Return value:  Size  Location     Type
                  1    wreg      void 
 Registers used:
		None
 Tracked objects:
		On entry : 
		On exit  : 
		Unchanged: 
 Data sizes:     COMMON   BANK0   BANK1   BANK2   BANK3   BANK4   BANK5   BANK6   BANK7   BANK8   BANK9  BANK10  BANK11  BANK12
      Params:         0       0       0       0       0       0       0       0       0       0       0       0       0       0
      Locals:         0       0       0       0       0       0       0       0       0       0       0       0       0       0
      Temps:          0       0       0       0       0       0       0       0       0       0       0       0       0       0
      Totals:         0       0       0       0       0       0       0       0       0       0       0       0       0       0
Total ram usage:        0 bytes
 Hardware stack levels used:    1
 Hardware stack levels required when called:    5
 This function calls:
		Nothing
 This function is called by:
		_TMR2_Initialize
		_main
 This function uses a non-reentrant model


 *************** function _PIN_MANAGER_Initialize *****************
 Defined at:
		line 52 in file "mcc_generated_files/pin_manager.c"
 Parameters:    Size  Location     Type
		None
 Auto vars:     Size  Location     Type
		None
 Return value:  Size  Location     Type
                  1    wreg      void 
 Registers used:
		wreg, status,2
 Tracked objects:
		On entry : 
		On exit  : 
		Unchanged: 
 Data sizes:     COMMON   BANK0   BANK1   BANK2   BANK3   BANK4   BANK5   BANK6   BANK7   BANK8   BANK9  BANK10  BANK11  BANK12
      Params:         0       0       0       0       0       0       0       0       0       0       0       0       0       0
      Locals:         0       0       0       0       0       0       0       0       0       0       0       0       0       0
      Temps:          0       0       0       0       0       0       0       0       0       0       0       0       0       0
      Totals:         0       0       0       0       0       0       0       0       0       0       0       0       0       0
Total ram usage:        0 bytes
 Hardware stack levels used:    1
 Hardware stack levels required when called:    5
 This function calls:
		Nothing
 This function is called by:
		_SYSTEM_Initialize
 This function uses a non-reentrant model


 *************** function _OSCILLATOR_Initialize *****************
 Defined at:
		line 98 in file "mcc_generated_files/mcc.c"
 Parameters:    Size  Location     Type
		None
 Auto vars:     Size  Location     Type
		None
 Return value:  Size  Location     Type
                  1    wreg      void 
 Registers used:
		wreg, status,2
 Tracked objects:
		On entry : 
		On exit  : 
		Unchanged: 
 Data sizes:     COMMON   BANK0   BANK1   BANK2   BANK3   BANK4   BANK5   BANK6   BANK7   BANK8   BANK9  BANK10  BANK11  BANK12
      Params:         0       0       0       0       0       0       0       0       0       0       0       0       0       0
      Locals:         0       0       0       0       0       0       0       0       0       0       0       0       0       0
      Temps:          0       0       0       0       0       0       0       0       0       0       0       0       0       0
      Totals:         0       0       0       0       0       0       0       0       0       0       0       0       0       0
Total ram usage:        0 bytes
 Hardware stack levels used:    1
 Hardware stack levels required when called:    5
 This function calls:
		Nothing
 This function is called by:
		_SYSTEM_Initialize
 This function uses a non-reentrant model


 *************** function _I2C1_Initialize *****************
 Defined at:
		line 94 in file "mcc_generated_files/i2c1.c"
 Parameters:    Size  Location     Type
		None
 Auto vars:     Size  Location     Type
		None
 Return value:  Size  Location     Type
                  1    wreg      void 
 Registers used:
		wreg, status,2
 Tracked objects:
		On entry : 
		On exit  : 
		Unchanged: 
 Data sizes:     COMMON   BANK0   BANK1   BANK2   BANK3   BANK4   BANK5   BANK6   BANK7   BANK8   BANK9  BANK10  BANK11  BANK12
      Params:         0       0       0       0       0       0       0       0       0       0       0       0       0       0
      Locals:         0       0       0       0       0       0       0       0       0       0       0       0       0       0
      Temps:          0       0       0       0       0       0       0       0       0       0       0       0       0       0
      Totals:         0       0       0       0       0       0       0       0       0       0       0       0       0       0
Total ram usage:        0 bytes
 Hardware stack levels used:    1
 Hardware stack levels required when called:    5
 This function calls:
		Nothing
 This function is called by:
		_SYSTEM_Initialize
 This function uses a non-reentrant model


 *************** function _ADC_Initialize *****************
 Defined at:
		line 68 in file "mcc_generated_files/adc.c"
 Parameters:    Size  Location     Type
		None
 Auto vars:     Size  Location     Type
		None
 Return value:  Size  Location     Type
                  1    wreg      void 
 Registers used:
		wreg, status,2
 Tracked objects:
		On entry : 
		On exit  : 
		Unchanged: 
 Data sizes:     COMMON   BANK0   BANK1   BANK2   BANK3   BANK4   BANK5   BANK6   BANK7   BANK8   BANK9  BANK10  BANK11  BANK12
      Params:         0       0       0       0       0       0       0       0       0       0       0       0       0       0
      Locals:         0       0       0       0       0       0       0       0       0       0       0       0       0       0
      Temps:          0       0       0       0       0       0       0       0       0       0       0       0       0       0
      Totals:         0       0       0       0       0       0       0       0       0       0       0       0       0       0
Total ram usage:        0 bytes
 Hardware stack levels used:    1
 Hardware stack levels required when called:    5
 This function calls:
		Nothing
 This function is called by:
		_SYSTEM_Initialize
 This function uses a non-reentrant model


 *************** function _PWM4_PowerDown *****************
 Defined at:
		line 90 in file "mcc_generated_files/pwm4.c"
 Parameters:    Size  Location     Type
		None
 Auto vars:     Size  Location     Type
		None
 Return value:  Size  Location     Type
                  1    wreg      void 
 Registers used:
		status,2
 Tracked objects:
		On entry : 
		On exit  : 
		Unchanged: 
 Data sizes:     COMMON   BANK0   BANK1   BANK2   BANK3   BANK4   BANK5   BANK6   BANK7   BANK8   BANK9  BANK10  BANK11  BANK12
      Params:         0       0       0       0       0       0       0       0       0       0       0       0       0       0
      Locals:         0       0       0       0       0       0       0       0       0       0       0       0       0       0
      Temps:          0       0       0       0       0       0       0       0       0       0       0       0       0       0
      Totals:         0       0       0       0       0       0       0       0       0       0       0       0       0       0
Total ram usage:        0 bytes
 Hardware stack levels used:    1
 Hardware stack levels required when called:    5
 This function calls:
		Nothing
 This function is called by:
		_main
 This function uses a non-reentrant model


 *************** function _PWM4_Initialize *****************
 Defined at:
		line 64 in file "mcc_generated_files/pwm4.c"
 Parameters:    Size  Location     Type
		None
 Auto vars:     Size  Location     Type
		None
 Return value:  Size  Location     Type
                  1    wreg      void 
 Registers used:
		wreg, status,2, status,0
 Tracked objects:
		On entry : 
		On exit  : 
		Unchanged: 
 Data sizes:     COMMON   BANK0   BANK1   BANK2   BANK3   BANK4   BANK5   BANK6   BANK7   BANK8   BANK9  BANK10  BANK11  BANK12
      Params:         0       0       0       0       0       0       0       0       0       0       0       0       0       0
      Locals:         0       0       0       0       0       0       0       0       0       0       0       0       0       0
      Temps:          0       0       0       0       0       0       0       0       0       0       0       0       0       0
      Totals:         0       0       0       0       0       0       0       0       0       0       0       0       0       0
Total ram usage:        0 bytes
 Hardware stack levels used:    1
 Hardware stack levels required when called:    5
 This function calls:
		Nothing
 This function is called by:
		_main
 This function uses a non-reentrant model


 *************** function _PWM3_PowerDown *****************
 Defined at:
		line 90 in file "mcc_generated_files/pwm3.c"
 Parameters:    Size  Location     Type
		None
 Auto vars:     Size  Location     Type
		None
 Return value:  Size  Location     Type
                  1    wreg      void 
 Registers used:
		status,2
 Tracked objects:
		On entry : 
		On exit  : 
		Unchanged: 
 Data sizes:     COMMON   BANK0   BANK1   BANK2   BANK3   BANK4   BANK5   BANK6   BANK7   BANK8   BANK9  BANK10  BANK11  BANK12
      Params:         0       0       0       0       0       0       0       0       0       0       0       0       0       0
      Locals:         0       0       0       0       0       0       0       0       0       0       0       0       0       0
      Temps:          0       0       0       0       0       0       0       0       0       0       0       0       0       0
      Totals:         0       0       0       0       0       0       0       0       0       0       0       0       0       0
Total ram usage:        0 bytes
 Hardware stack levels used:    1
 Hardware stack levels required when called:    5
 This function calls:
		Nothing
 This function is called by:
		_main
 This function uses a non-reentrant model


 *************** function _PWM3_Initialize *****************
 Defined at:
		line 64 in file "mcc_generated_files/pwm3.c"
 Parameters:    Size  Location     Type
		None
 Auto vars:     Size  Location     Type
		None
 Return value:  Size  Location     Type
                  1    wreg      void 
 Registers used:
		wreg, status,2, status,0
 Tracked objects:
		On entry : 
		On exit  : 
		Unchanged: 
 Data sizes:     COMMON   BANK0   BANK1   BANK2   BANK3   BANK4   BANK5   BANK6   BANK7   BANK8   BANK9  BANK10  BANK11  BANK12
      Params:         0       0       0       0       0       0       0       0       0       0       0       0       0       0
      Locals:         0       0       0       0       0       0       0       0       0       0       0       0       0       0
      Temps:          0       0       0       0       0       0       0       0       0       0       0       0       0       0
      Totals:         0       0       0       0       0       0       0       0       0       0       0       0       0       0
Total ram usage:        0 bytes
 Hardware stack levels used:    1
 Hardware stack levels required when called:    5
 This function calls:
		Nothing
 This function is called by:
		_main
 This function uses a non-reentrant model


 *************** function _I2C1_Startup *****************
 Defined at:
		line 121 in file "mcc_generated_files/i2c1.c"
 Parameters:    Size  Location     Type
		None
 Auto vars:     Size  Location     Type
		None
 Return value:  Size  Location     Type
                  1    wreg      void 
 Registers used:
		None
 Tracked objects:
		On entry : 
		On exit  : 
		Unchanged: 
 Data sizes:     COMMON   BANK0   BANK1   BANK2   BANK3   BANK4   BANK5   BANK6   BANK7   BANK8   BANK9  BANK10  BANK11  BANK12
      Params:         0       0       0       0       0       0       0       0       0       0       0       0       0       0
      Locals:         0       0       0       0       0       0       0       0       0       0       0       0       0       0
      Temps:          0       0       0       0       0       0       0       0       0       0       0       0       0       0
      Totals:         0       0       0       0       0       0       0       0       0       0       0       0       0       0
Total ram usage:        0 bytes
 Hardware stack levels used:    1
 Hardware stack levels required when called:    5
 This function calls:
		Nothing
 This function is called by:
		_main
 This function uses a non-reentrant model


 *************** function _I2C1_Shutdown *****************
 Defined at:
		line 117 in file "mcc_generated_files/i2c1.c"
 Parameters:    Size  Location     Type
		None
 Auto vars:     Size  Location     Type
		None
 Return value:  Size  Location     Type
                  1    wreg      void 
 Registers used:
		None
 Tracked objects:
		On entry : 
		On exit  : 
		Unchanged: 
 Data sizes:     COMMON   BANK0   BANK1   BANK2   BANK3   BANK4   BANK5   BANK6   BANK7   BANK8   BANK9  BANK10  BANK11  BANK12
      Params:         0       0       0       0       0       0       0       0       0       0       0       0       0       0
      Locals:         0       0       0       0       0       0       0       0       0       0       0       0       0       0
      Temps:          0       0       0       0       0       0       0       0       0       0       0       0       0       0
      Totals:         0       0       0       0       0       0       0       0       0       0       0       0       0       0
Total ram usage:        0 bytes
 Hardware stack levels used:    1
 Hardware stack levels required when called:    5
 This function calls:
		Nothing
 This function is called by:
		_main
 This function uses a non-reentrant model


 *************** function _I2C1_ReadBuffer *****************
 Defined at:
		line 125 in file "mcc_generated_files/i2c1.c"
 Parameters:    Size  Location     Type
  address         1    wreg     enum E2979
 Auto vars:     Size  Location     Type
  address         1    9[BANK0 ] enum E2979
 Return value:  Size  Location     Type
                  1    wreg      unsigned char 
 Registers used:
		wreg, fsr1l, fsr1h, status,2, status,0
 Tracked objects:
		On entry : 
		On exit  : 
		Unchanged: 
 Data sizes:     COMMON   BANK0   BANK1   BANK2   BANK3   BANK4   BANK5   BANK6   BANK7   BANK8   BANK9  BANK10  BANK11  BANK12
      Params:         0       0       0       0       0       0       0       0       0       0       0       0       0       0
      Locals:         0       1       0       0       0       0       0       0       0       0       0       0       0       0
      Temps:          0       0       0       0       0       0       0       0       0       0       0       0       0       0
      Totals:         0       1       0       0       0       0       0       0       0       0       0       0       0       0
Total ram usage:        1 bytes
 Hardware stack levels used:    1
 Hardware stack levels required when called:    5
 This function calls:
		Nothing
 This function is called by:
		_main
 This function uses a non-reentrant model


 *************** function _EPWM2_PowerDown *****************
 Defined at:
		line 100 in file "mcc_generated_files/epwm2.c"
 Parameters:    Size  Location     Type
		None
 Auto vars:     Size  Location     Type
		None
 Return value:  Size  Location     Type
                  1    wreg      void 
 Registers used:
		status,2
 Tracked objects:
		On entry : 
		On exit  : 
		Unchanged: 
 Data sizes:     COMMON   BANK0   BANK1   BANK2   BANK3   BANK4   BANK5   BANK6   BANK7   BANK8   BANK9  BANK10  BANK11  BANK12
      Params:         0       0       0       0       0       0       0       0       0       0       0       0       0       0
      Locals:         0       0       0       0       0       0       0       0       0       0       0       0       0       0
      Temps:          0       0       0       0       0       0       0       0       0       0       0       0       0       0
      Totals:         0       0       0       0       0       0       0       0       0       0       0       0       0       0
Total ram usage:        0 bytes
 Hardware stack levels used:    1
 Hardware stack levels required when called:    5
 This function calls:
		Nothing
 This function is called by:
		_main
 This function uses a non-reentrant model


 *************** function _EPWM2_Initialize *****************
 Defined at:
		line 64 in file "mcc_generated_files/epwm2.c"
 Parameters:    Size  Location     Type
		None
 Auto vars:     Size  Location     Type
		None
 Return value:  Size  Location     Type
                  1    wreg      void 
 Registers used:
		wreg, status,2, status,0
 Tracked objects:
		On entry : 
		On exit  : 
		Unchanged: 
 Data sizes:     COMMON   BANK0   BANK1   BANK2   BANK3   BANK4   BANK5   BANK6   BANK7   BANK8   BANK9  BANK10  BANK11  BANK12
      Params:         0       0       0       0       0       0       0       0       0       0       0       0       0       0
      Locals:         0       0       0       0       0       0       0       0       0       0       0       0       0       0
      Temps:          0       0       0       0       0       0       0       0       0       0       0       0       0       0
      Totals:         0       0       0       0       0       0       0       0       0       0       0       0       0       0
Total ram usage:        0 bytes
 Hardware stack levels used:    1
 Hardware stack levels required when called:    5
 This function calls:
		Nothing
 This function is called by:
		_main
 This function uses a non-reentrant model


 *************** function _EPWM1_PowerDown *****************
 Defined at:
		line 100 in file "mcc_generated_files/epwm1.c"
 Parameters:    Size  Location     Type
		None
 Auto vars:     Size  Location     Type
		None
 Return value:  Size  Location     Type
                  1    wreg      void 
 Registers used:
		status,2
 Tracked objects:
		On entry : 
		On exit  : 
		Unchanged: 
 Data sizes:     COMMON   BANK0   BANK1   BANK2   BANK3   BANK4   BANK5   BANK6   BANK7   BANK8   BANK9  BANK10  BANK11  BANK12
      Params:         0       0       0       0       0       0       0       0       0       0       0       0       0       0
      Locals:         0       0       0       0       0       0       0       0       0       0       0       0       0       0
      Temps:          0       0       0       0       0       0       0       0       0       0       0       0       0       0
      Totals:         0       0       0       0       0       0       0       0       0       0       0       0       0       0
Total ram usage:        0 bytes
 Hardware stack levels used:    1
 Hardware stack levels required when called:    5
 This function calls:
		Nothing
 This function is called by:
		_main
 This function uses a non-reentrant model


 *************** function _EPWM1_Initialize *****************
 Defined at:
		line 64 in file "mcc_generated_files/epwm1.c"
 Parameters:    Size  Location     Type
		None
 Auto vars:     Size  Location     Type
		None
 Return value:  Size  Location     Type
                  1    wreg      void 
 Registers used:
		wreg, status,2, status,0
 Tracked objects:
		On entry : 
		On exit  : 
		Unchanged: 
 Data sizes:     COMMON   BANK0   BANK1   BANK2   BANK3   BANK4   BANK5   BANK6   BANK7   BANK8   BANK9  BANK10  BANK11  BANK12
      Params:         0       0       0       0       0       0       0       0       0       0       0       0       0       0
      Locals:         0       0       0       0       0       0       0       0       0       0       0       0       0       0
      Temps:          0       0       0       0       0       0       0       0       0       0       0       0       0       0
      Totals:         0       0       0       0       0       0       0       0       0       0       0       0       0       0
Total ram usage:        0 bytes
 Hardware stack levels used:    1
 Hardware stack levels required when called:    5
 This function calls:
		Nothing
 This function is called by:
		_main
 This function uses a non-reentrant model


[...]
      Params:         0       0       0       0       0       0       0       0       0       0       0       0       0       0
      Locals:         0       1       0       0       0       0       0       0       0       0       0       0       0       0
      Temps:          0       0       0       0       0       0       0       0       0       0       0       0       0       0
      Totals:         0       1       0       0       0       0       0       0       0       0       0       0       0       0
Total ram usage:        1 bytes
 Hardware stack levels used:    1
 This function calls:
		Nothing
 This function is called by:
		_Timer6Overflow
 This function uses a non-reentrant model


 *************** function i1_ADC_StartConversion *****************
 Defined at:
		line 96 in file "mcc_generated_files/adc.c"
 Parameters:    Size  Location     Type
		None
 Auto vars:     Size  Location     Type
		None
 Return value:  Size  Location     Type
                  1    wreg      void 
 Registers used:
		None
 Tracked objects:
		On entry : 
		On exit  : 
		Unchanged: 
 Data sizes:     COMMON   BANK0   BANK1   BANK2   BANK3   BANK4   BANK5   BANK6   BANK7   BANK8   BANK9  BANK10  BANK11  BANK12
      Params:         0       0       0       0       0       0       0       0       0       0       0       0       0       0
      Locals:         0       0       0       0       0       0       0       0       0       0       0       0       0       0
      Temps:          0       0       0       0       0       0       0       0       0       0       0       0       0       0
      Totals:         0       0       0       0       0       0       0       0       0       0       0       0       0       0
Total ram usage:        0 bytes
 Hardware stack levels used:    1
 This function calls:
		Nothing
 This function is called by:
		_Timer6Overflow
 This function uses a non-reentrant model


 *************** function _PWM4_LoadDutyValue *****************
 Defined at:
		line 81 in file "mcc_generated_files/pwm4.c"
 Parameters:    Size  Location     Type
  dutyValue       2    1[BANK0 ] unsigned int 
 Auto vars:     Size  Location     Type
		None
 Return value:  Size  Location     Type
                  1    wreg      void 
 Registers used:
		wreg, status,2, status,0
 Tracked objects:
		On entry : 
		On exit  : 
		Unchanged: 
 Data sizes:     COMMON   BANK0   BANK1   BANK2   BANK3   BANK4   BANK5   BANK6   BANK7   BANK8   BANK9  BANK10  BANK11  BANK12
      Params:         0       2       0       0       0       0       0       0       0       0       0       0       0       0
      Locals:         0       0       0       0       0       0       0       0       0       0       0       0       0       0
      Temps:          0       2       0       0       0       0       0       0       0       0       0       0       0       0
      Totals:         0       4       0       0       0       0       0       0       0       0       0       0       0       0
Total ram usage:        4 bytes
 Hardware stack levels used:    1
 This function calls:
		Nothing
 This function is called by:
		_Timer6Overflow
 This function uses a non-reentrant model


 *************** function _PWM3_LoadDutyValue *****************
 Defined at:
		line 81 in file "mcc_generated_files/pwm3.c"
 Parameters:    Size  Location     Type
  dutyValue       2    1[BANK0 ] unsigned int 
 Auto vars:     Size  Location     Type
		None
 Return value:  Size  Location     Type
                  1    wreg      void 
 Registers used:
		wreg, status,2, status,0
 Tracked objects:
		On entry : 
		On exit  : 
		Unchanged: 
 Data sizes:     COMMON   BANK0   BANK1   BANK2   BANK3   BANK4   BANK5   BANK6   BANK7   BANK8   BANK9  BANK10  BANK11  BANK12
      Params:         0       2       0       0       0       0       0       0       0       0       0       0       0       0
      Locals:         0       0       0       0       0       0       0       0       0       0       0       0       0       0
      Temps:          0       2       0       0       0       0       0       0       0       0       0       0       0       0
      Totals:         0       4       0       0       0       0       0       0       0       0       0       0       0       0
Total ram usage:        4 bytes
 Hardware stack levels used:    1
 This function calls:
		Nothing
 This function is called by:
		_Timer6Overflow
 This function uses a non-reentrant model


 *************** function _EPWM2_LoadDutyValue *****************
 Defined at:
		line 91 in file "mcc_generated_files/epwm2.c"
 Parameters:    Size  Location     Type
  dutyValue       2    1[BANK0 ] unsigned int 
 Auto vars:     Size  Location     Type
		None
 Return value:  Size  Location     Type
                  1    wreg      void 
 Registers used:
		wreg, status,2, status,0
 Tracked objects:
		On entry : 
		On exit  : 
		Unchanged: 
 Data sizes:     COMMON   BANK0   BANK1   BANK2   BANK3   BANK4   BANK5   BANK6   BANK7   BANK8   BANK9  BANK10  BANK11  BANK12
      Params:         0       2       0       0       0       0       0       0       0       0       0       0       0       0
      Locals:         0       0       0       0       0       0       0       0       0       0       0       0       0       0
      Temps:          0       2       0       0       0       0       0       0       0       0       0       0       0       0
      Totals:         0       4       0       0       0       0       0       0       0       0       0       0       0       0
Total ram usage:        4 bytes
 Hardware stack levels used:    1
 This function calls:
		Nothing
 This function is called by:
		_Timer6Overflow
 This function uses a non-reentrant model


 *************** function _EPWM1_LoadDutyValue *****************
 Defined at:
		line 90 in file "mcc_generated_files/epwm1.c"
 Parameters:    Size  Location     Type
  dutyValue       2    1[BANK0 ] unsigned int 
 Auto vars:     Size  Location     Type
		None
 Return value:  Size  Location     Type
                  1    wreg      void 
 Registers used:
		wreg, status,2, status,0
 Tracked objects:
		On entry : 
		On exit  : 
		Unchanged: 
 Data sizes:     COMMON   BANK0   BANK1   BANK2   BANK3   BANK4   BANK5   BANK6   BANK7   BANK8   BANK9  BANK10  BANK11  BANK12
      Params:         0       2       0       0       0       0       0       0       0       0       0       0       0       0
      Locals:         0       0       0       0       0       0       0       0       0       0       0       0       0       0
      Temps:          0       2       0       0       0       0       0       0       0       0       0       0       0       0
      Totals:         0       4       0       0       0       0       0       0       0       0       0       0       0       0
Total ram usage:        4 bytes
 Hardware stack levels used:    1
 This function calls:
		Nothing
 This function is called by:
		_Timer6Overflow
 This function uses a non-reentrant model


 *************** function _I2C1_ISR *****************
 Defined at:
		line 134 in file "mcc_generated_files/i2c1.c"
 Parameters:    Size  Location     Type
		None
 Auto vars:     Size  Location     Type
  i2c_data        1    5[BANK0 ] unsigned char 
 Return value:  Size  Location     Type
                  1    wreg      void 
 Registers used:
		wreg, fsr0l, fsr0h, fsr1l, fsr1h, status,2, status,0, pclath, cstack
 Tracked objects:
		On entry : 
		On exit  : 
		Unchanged: 
 Data sizes:     COMMON   BANK0   BANK1   BANK2   BANK3   BANK4   BANK5   BANK6   BANK7   BANK8   BANK9  BANK10  BANK11  BANK12
      Params:         0       0       0       0       0       0       0       0       0       0       0       0       0       0
      Locals:         0       1       0       0       0       0       0       0       0       0       0       0       0       0
      Temps:          0       1       0       0       0       0       0       0       0       0       0       0       0       0
      Totals:         0       2       0       0       0       0       0       0       0       0       0       0       0       0
Total ram usage:        2 bytes
 Hardware stack levels used:    1
 Hardware stack levels required when called:    2
 This function calls:
		_I2C1_StatusCallback
 This function is called by:
		_INTERRUPT_InterruptManager
 This function uses a non-reentrant model


 *************** function _I2C1_StatusCallback *****************
 Defined at:
		line 204 in file "mcc_generated_files/i2c1.c"
 Parameters:    Size  Location     Type
  i2c_bus_stat    1    wreg     enum E2973
 Auto vars:     Size  Location     Type
  i2c_bus_stat    1    3[BANK0 ] enum E2973
 Return value:  Size  Location     Type
                  1    wreg      void 
 Registers used:
		wreg, fsr0l, fsr0h, fsr1l, fsr1h, status,2, status,0, pclath, cstack
 Tracked objects:
		On entry : 
		On exit  : 
		Unchanged: 
 Data sizes:     COMMON   BANK0   BANK1   BANK2   BANK3   BANK4   BANK5   BANK6   BANK7   BANK8   BANK9  BANK10  BANK11  BANK12
      Params:         0       0       0       0       0       0       0       0       0       0       0       0       0       0
      Locals:         0       1       0       0       0       0       0       0       0       0       0       0       0       0
      Temps:          0       2       0       0       0       0       0       0       0       0       0       0       0       0
      Totals:         0       3       0       0       0       0       0       0       0       0       0       0       0       0
Total ram usage:        3 bytes
 Hardware stack levels used:    1
 Hardware stack levels required when called:    1
 This function calls:
		_ADC_DisableChannel
		_ADC_EnableChannel
 This function is called by:
		_I2C1_ISR
 This function uses a non-reentrant model


 *************** function _ADC_EnableChannel *****************
 Defined at:
		line 210 in file "mcc_generated_files/adc.c"
 Parameters:    Size  Location     Type
  Channel         1    wreg     enum E2976
 Auto vars:     Size  Location     Type
  Channel         1    0[BANK0 ] enum E2976
 Return value:  Size  Location     Type
                  1    wreg      void 
 Registers used:
		wreg, fsr0l, fsr0h, status,2, status,0
 Tracked objects:
		On entry : 
		On exit  : 
		Unchanged: 
 Data sizes:     COMMON   BANK0   BANK1   BANK2   BANK3   BANK4   BANK5   BANK6   BANK7   BANK8   BANK9  BANK10  BANK11  BANK12
      Params:         0       0       0       0       0       0       0       0       0       0       0       0       0       0
      Locals:         0       1       0       0       0       0       0       0       0       0       0       0       0       0
      Temps:          0       0       0       0       0       0       0       0       0       0       0       0       0       0
      Totals:         0       1       0       0       0       0       0       0       0       0       0       0       0       0
Total ram usage:        1 bytes
 Hardware stack levels used:    1
 This function calls:
		Nothing
 This function is called by:
		_I2C1_StatusCallback
 This function uses a non-reentrant model


 *************** function _ADC_DisableChannel *****************
 Defined at:
		line 225 in file "mcc_generated_files/adc.c"
 Parameters:    Size  Location     Type
  Channel         1    wreg     enum E2976
 Auto vars:     Size  Location     Type
  Channel         1    0[BANK0 ] enum E2976
 Return value:  Size  Location     Type
                  1    wreg      void 
 Registers used:
		wreg, fsr0l, fsr0h, status,2, status,0
 Tracked objects:
		On entry : 
		On exit  : 
		Unchanged: 
 Data sizes:     COMMON   BANK0   BANK1   BANK2   BANK3   BANK4   BANK5   BANK6   BANK7   BANK8   BANK9  BANK10  BANK11  BANK12
      Params:         0       0       0       0       0       0       0       0       0       0       0       0       0       0
      Locals:         0       1       0       0       0       0       0       0       0       0       0       0       0       0
      Temps:          0       0       0       0       0       0       0       0       0       0       0       0       0       0
      Totals:         0       1       0       0       0       0       0       0       0       0       0       0       0       0
Total ram usage:        1 bytes
 Hardware stack levels used:    1
 This function calls:
		Nothing
 This function is called by:
		_I2C1_StatusCallback
 This function uses a non-reentrant model


 *************** function _ADC_ISR *****************
 Defined at:
		line 138 in file "mcc_generated_files/adc.c"
 Parameters:    Size  Location     Type
		None
 Auto vars:     Size  Location     Type
  AnalogReadin    2    0        unsigned int 
 Return value:  Size  Location     Type
                  1    wreg      void 
 Registers used:
		wreg, fsr0l, fsr0h, fsr1l, fsr1h, status,2, status,0, pclath, cstack
 Tracked objects:
		On entry : 
		On exit  : 
		Unchanged: 
 Data sizes:     COMMON   BANK0   BANK1   BANK2   BANK3   BANK4   BANK5   BANK6   BANK7   BANK8   BANK9  BANK10  BANK11  BANK12
      Params:         0       0       0       0       0       0       0       0       0       0       0       0       0       0
      Locals:         0       0       0       0       0       0       0       0       0       0       0       0       0       0
      Temps:          0       1       0       0       0       0       0       0       0       0       0       0       0       0
      Totals:         0       1       0       0       0       0       0       0       0       0       0       0       0       0
Total ram usage:        1 bytes
 Hardware stack levels used:    1
 Hardware stack levels required when called:    1
 This function calls:
		_I2C1_WriteBuffer
		i1_ADC_SelectChannel
 This function is called by:
		_INTERRUPT_InterruptManager
 This function uses a non-reentrant model


 *************** function i1_ADC_SelectChannel *****************
 Defined at:
		line 88 in file "mcc_generated_files/adc.c"
 Parameters:    Size  Location     Type
  channel         1    wreg     enum E2976
 Auto vars:     Size  Location     Type
  channel         1    1[BANK0 ] enum E2976
 Return value:  Size  Location     Type
                  1    wreg      void 
 Registers used:
		wreg, status,2, status,0
 Tracked objects:
		On entry : 
		On exit  : 
		Unchanged: 
 Data sizes:     COMMON   BANK0   BANK1   BANK2   BANK3   BANK4   BANK5   BANK6   BANK7   BANK8   BANK9  BANK10  BANK11  BANK12
      Params:         0       0       0       0       0       0       0       0       0       0       0       0       0       0
      Locals:         0       1       0       0       0       0       0       0       0       0       0       0       0       0
      Temps:          0       1       0       0       0       0       0       0       0       0       0       0       0       0
      Totals:         0       2       0       0       0       0       0       0       0       0       0       0       0       0
Total ram usage:        2 bytes
 Hardware stack levels used:    1
 This function calls:
		Nothing
 This function is called by:
		_ADC_ISR
 This function uses a non-reentrant model


 *************** function _I2C1_WriteBuffer *****************
 Defined at:
		line 129 in file "mcc_generated_files/i2c1.c"
 Parameters:    Size  Location     Type
  address         1    wreg     enum E2979
  data            1    0[BANK0 ] unsigned char 
 Auto vars:     Size  Location     Type
  address         1    3[BANK0 ] enum E2979
 Return value:  Size  Location     Type
                  1    wreg      void 
 Registers used:
		wreg, fsr1l, fsr1h, status,2, status,0
 Tracked objects:
		On entry : 
		On exit  : 
		Unchanged: 
 Data sizes:     COMMON   BANK0   BANK1   BANK2   BANK3   BANK4   BANK5   BANK6   BANK7   BANK8   BANK9  BANK10  BANK11  BANK12
      Params:         0       1       0       0       0       0       0       0       0       0       0       0       0       0
      Locals:         0       1       0       0       0       0       0       0       0       0       0       0       0       0
      Temps:          0       2       0       0       0       0       0       0       0       0       0       0       0       0
      Totals:         0       4       0       0       0       0       0       0       0       0       0       0       0       0
Total ram usage:        4 bytes
 Hardware stack levels used:    1
 This function calls:
		Nothing
 This function is called by:
		_ADC_ISR
 This function uses a non-reentrant model



MODULE INFORMATION

Module		Function		Class		Link	Load	Size
mcc_generated_files/tmr6.c
		_TMR6_CallBack 		CODE           	0690	0000	13
		_TMR6_StartTimer		CODE           	01FF	0000	4
		_TMR6_ISR      		CODE           	068D	0000	4
		_TMR6_Initialize		CODE           	0273	0000	21
		_TMR6_SetInterruptHandler		CODE           	01F6	0000	10
		_TMR6_StopTimer		CODE           	0168	0000	4
		_TMR6_DefaultInterruptHandler		CODE           	06AA	0000	2

mcc_generated_files/tmr6.c estimated size: 58

mcc_generated_files/pwm4.c
		_PWM4_PowerDown		CODE           	015E	0000	8
		_PWM4_Initialize		CODE           	01E7	0000	13
		_PWM4_LoadDutyValue		CODE           	0517	0000	33

mcc_generated_files/pwm4.c estimated size: 54

mcc_generated_files/tmr2.c
		_TMR2_Initialize		CODE           	028B	0000	12
		_TMR2_StopTimer		CODE           	0165	0000	4
		_TMR2_StartTimer		CODE           	01F3	0000	4

mcc_generated_files/tmr2.c estimated size: 20

mcc_generated_files/interrupt_manager.c
		_INTERRUPT_InterruptManager		CODE           	0004	0000	47

mcc_generated_files/interrupt_manager.c estimated size: 47

mcc_generated_files/epwm2.c
		_EPWM2_LoadDutyValue		CODE           	04D7	0000	33
		_EPWM2_Initialize		CODE           	01B9	0000	21
		_EPWM2_PowerDown		CODE           	014D	0000	8

mcc_generated_files/epwm2.c estimated size: 62

mcc_generated_files/i2c1.c
		_I2C1_StatusCallback		CODE           	02C0	0000	292
		_I2C1_ISR      		CODE           	0296	0000	43
		_I2C1_Shutdown 		CODE           	0154	0000	4
		_I2C1_ReadBuffer		CODE           	01CD	0000	12
		_I2C1_Initialize		CODE           	022D	0000	22
		_I2C1_Startup  		CODE           	01D8	0000	4
		_I2C1_WriteBuffer		CODE           	05CD	0000	19

mcc_generated_files/i2c1.c estimated size: 396

mcc_generated_files/pin_manager.c
		_PIN_MANAGER_Initialize		CODE           	024B	0000	41

mcc_generated_files/pin_manager.c estimated size: 41

mcc_generated_files/adc.c
		_ADC_Initialize		CODE           	0220	0000	14
		_ADC_GetConversion		CODE           	016B	0000	37
		_ADC_StartConversion		CODE           	01A2	0000	4
		_ADC_DisableChannel		CODE           	03E3	0000	26
		_ADC_ISR       		CODE           	0540	0000	142
		_ADC_SelectChannel		CODE           	018F	0000	20
		_ADC_EnableChannel		CODE           	03FC	0000	29

mcc_generated_files/adc.c estimated size: 272

shared
		i1_I2C1_ReadBuffer		CODE           	04AC	0000	12
		i1_ADC_StartConversion		CODE           	053D	0000	4
		__initialization		CODE           	0034	0000	22
		i1_ADC_SelectChannel		CODE           	05DF	0000	20
		i1_TMR2_StopTimer		CODE           	053A	0000	4
		i1_TMR2_StartTimer		CODE           	0537	0000	4

shared estimated size: 66

mcc_generated_files/mcc.c
		_WDT_Initialize		CODE           	0287	0000	5
		_OSCILLATOR_Initialize		CODE           	0242	0000	10
		_SYSTEM_Initialize		CODE           	0202	0000	31

mcc_generated_files/mcc.c estimated size: 46

mcc_generated_files/pwm3.c
		_PWM3_PowerDown		CODE           	0157	0000	8
		_PWM3_Initialize		CODE           	01DB	0000	13
		_PWM3_LoadDutyValue		CODE           	04F7	0000	33

mcc_generated_files/pwm3.c estimated size: 54

mcc_generated_files/epwm1.c
		_EPWM1_LoadDutyValue		CODE           	04B7	0000	33
		_EPWM1_Initialize		CODE           	01A5	0000	21
		_EPWM1_PowerDown		CODE           	0146	0000	8

mcc_generated_files/epwm1.c estimated size: 62

main.c
		_main          		CODE           	004D	0000	250
		_Timer6Overflow		CODE           	0418	0000	149

main.c estimated size: 399

